nova@nova:~$ ssh user@fe80::6e5:48ff:fe20:1D2C%enx00e04c6807aa
user@fe80::6e5:48ff:fe20:1d2c%enx00e04c6807aa's password: 
Welcome to Cohda Wireless MK5 Radio (MK5)

 * Documentation:  https://support.cohdawireless.com

Last login: Wed Jan  5 22:52:33 2022 from fe80::25d5:3ff:c9d2:4192%eth0
root@MK5:~# ifconfig
cw-llc0: flags=4305<UP,POINTOPOINT,RUNNING,NOARP,MULTICAST>  mtu 2400
        unspec 62-C4-C4-BA-53-2A-00-00-00-00-00-00-00-00-00-00  txqueuelen 0  (UNSPEC)
        RX packets 4872  bytes 622253 (622.2 KB)
        RX errors 0  dropped 0  overruns 0  frame 0
        TX packets 4829  bytes 1694374 (1.6 MB)
        TX errors 0  dropped 0 overruns 0  carrier 0  collisions 0

dot3: flags=4291<UP,BROADCAST,RUNNING,NOARP,MULTICAST>  mtu 1500
        ether 00:44:4f:54:33:00  txqueuelen 0  (Ethernet)
        RX packets 0  bytes 0 (0.0 B)
        RX errors 0  dropped 0  overruns 0  frame 0
        TX packets 0  bytes 0 (0.0 B)
        TX errors 0  dropped 0 overruns 0  carrier 0  collisions 0

dot4: flags=4291<UP,BROADCAST,RUNNING,NOARP,MULTICAST>  mtu 1500
        ether 00:44:4f:54:34:00  txqueuelen 0  (Ethernet)
        RX packets 0  bytes 0 (0.0 B)
        RX errors 0  dropped 0  overruns 0  frame 0
        TX packets 0  bytes 0 (0.0 B)
        TX errors 0  dropped 0 overruns 0  carrier 0  collisions 0

eth0: flags=4163<UP,BROADCAST,RUNNING,MULTICAST>  mtu 1500
        inet 192.168.10.11  netmask 255.255.255.0  broadcast 192.168.10.255
        inet6 fe80::6e5:48ff:fe20:1d2c  prefixlen 64  scopeid 0x20<link>
        ether 04:e5:48:20:1d:2c  txqueuelen 1000  (Ethernet)
        RX packets 523  bytes 67965 (67.9 KB)
        RX errors 0  dropped 0  overruns 0  frame 0
        TX packets 382  bytes 65544 (65.5 KB)
        TX errors 0  dropped 0 overruns 0  carrier 0  collisions 0

eth0:1: flags=4163<UP,BROADCAST,RUNNING,MULTICAST>  mtu 1500
        inet 169.254.29.44  netmask 255.255.0.0  broadcast 169.254.255.255
        ether 04:e5:48:20:1d:2c  txqueuelen 1000  (Ethernet)

lo: flags=73<UP,LOOPBACK,RUNNING>  mtu 65536
        inet 127.0.0.1  netmask 255.0.0.0
        inet6 ::1  prefixlen 128  scopeid 0x10<host>
        loop  txqueuelen 0  (Local Loopback)
        RX packets 28491  bytes 4685512 (4.6 MB)
        RX errors 0  dropped 0  overruns 0  frame 0
        TX packets 28491  bytes 4685512 (4.6 MB)
        TX errors 0  dropped 0 overruns 0  carrier 0  collisions 0

wave-data: flags=4163<UP,BROADCAST,RUNNING,MULTICAST>  mtu 1500
        inet6 fe80::949d:4aff:fefe:c11a  prefixlen 64  scopeid 0x20<link>
        ether 96:9d:4a:fe:c1:1a  txqueuelen 0  (Ethernet)
        RX packets 0  bytes 0 (0.0 B)
        RX errors 0  dropped 0  overruns 0  frame 0
        TX packets 0  bytes 0 (0.0 B)
        TX errors 8  dropped 8 overruns 0  carrier 0  collisions 0

wave-mgmt: flags=4305<UP,POINTOPOINT,RUNNING,NOARP,MULTICAST>  mtu 2100
        unspec 04-E5-48-20-1D-2E-30-30-00-00-00-00-00-00-00-00  txqueuelen 0  (UNSPEC)
        RX packets 0  bytes 0 (0.0 B)
        RX errors 0  dropped 0  overruns 0  frame 0
        TX packets 0  bytes 0 (0.0 B)
        TX errors 0  dropped 0 overruns 0  carrier 0  collisions 0

wave-raw: flags=4305<UP,POINTOPOINT,RUNNING,NOARP,MULTICAST>  mtu 2700
        unspec 04-E5-48-20-1D-2F-00-00-00-00-00-00-00-00-00-00  txqueuelen 0  (UNSPEC)
        RX packets 0  bytes 0 (0.0 B)
        RX errors 0  dropped 0  overruns 0  frame 0
        TX packets 0  bytes 0 (0.0 B)
        TX errors 0  dropped 0 overruns 0  carrier 0  collisions 0

wave-sync: flags=4305<UP,POINTOPOINT,RUNNING,NOARP,MULTICAST>  mtu 12
        unspec 62-C2-EF-BE-BF-FB-00-00-00-00-00-00-00-00-00-00  txqueuelen 0  (UNSPEC)
        RX packets 1172  bytes 14064 (14.0 KB)
        RX errors 0  dropped 1172  overruns 0  frame 0
        TX packets 0  bytes 0 (0.0 B)
        TX errors 0  dropped 0 overruns 0  carrier 0  collisions 0

root@MK5:~# exit
logout
user@MK5:~$ exit
logout
Connection to fe80::6e5:48ff:fe20:1d2c%enx00e04c6807aa closed.
nova@nova:~$
